C:\Users\hiep7\OneDrive\Hì€nh à‰nh\MĂ¡y tĂ­nh\QLCV\DOING\QuanLyCongViec\Backend\src\TaskManagement.Application\Interfaces\IAuthService.cs(8,80): error CS0246: The type or namespace name 'GoogleLoginRequestDto' could not be found (are you missing a using directive or an assembly reference?) [C:\Users\hiep7\OneDrive\Hì€nh à‰nh\MĂ¡y tĂ­nh\QLCV\DOING\QuanLyCongViec\Backend\src\TaskManagement.Application\TaskManagement.Application.csproj]

Build FAILED.
    0 Warning(s)
    1 Error(s)

Time Elapsed 00:00:01.24
