  Determining projects to restore...
  Restored c:\Users\phucl\OneDrive\Desktop\QLCV\QuanLyCongViec\Backend\src\TaskManagement.Domain\TaskManagement.Domain.csproj (in 163 ms).
  Restored c:\Users\phucl\OneDrive\Desktop\QLCV\QuanLyCongViec\Backend\src\TaskManagement.Application\TaskManagement.Application.csproj (in 171 ms).
  Restored C:\Users\phucl\OneDrive\Desktop\QLCV\QuanLyCongViec\Backend\src\TaskManagement.Infrastructure\TaskManagement.Infrastructure.csproj (in 1.77 sec).
  Restored c:\Users\phucl\OneDrive\Desktop\QLCV\QuanLyCongViec\Backend\src\TaskManagement.API\TaskManagement.API.csproj (in 1.77 sec).
  TaskManagement.Domain -> C:\Users\phucl\OneDrive\Desktop\QLCV\QuanLyCongViec\Backend\src\TaskManagement.Domain\bin\Debug\net10.0\TaskManagement.Domain.dll
  TaskManagement.Application -> C:\Users\phucl\OneDrive\Desktop\QLCV\QuanLyCongViec\Backend\src\TaskManagement.Application\bin\Debug\net10.0\TaskManagement.Application.dll
c:\Users\phucl\OneDrive\Desktop\QLCV\QuanLyCongViec\Backend\src\TaskManagement.Infrastructure\Migrations\20260330062249_newdb.cs(9,26): warning CS8981: The type name 'newdb' only contains lower-cased ascii characters. Such names may become reserved for the language. [c:\Users\phucl\OneDrive\Desktop\QLCV\QuanLyCongViec\Backend\src\TaskManagement.Infrastructure\TaskManagement.Infrastructure.csproj]
c:\Users\phucl\OneDrive\Desktop\QLCV\QuanLyCongViec\Backend\src\TaskManagement.Infrastructure\Migrations\20260330062249_newdb.Designer.cs(16,19): warning CS8981: The type name 'newdb' only contains lower-cased ascii characters. Such names may become reserved for the language. [c:\Users\phucl\OneDrive\Desktop\QLCV\QuanLyCongViec\Backend\src\TaskManagement.Infrastructure\TaskManagement.Infrastructure.csproj]
c:\Users\phucl\OneDrive\Desktop\QLCV\QuanLyCongViec\Backend\src\TaskManagement.Infrastructure\Data\ApplicationDbContext.cs(396,87): warning CS8629: Nullable value type may be null. [c:\Users\phucl\OneDrive\Desktop\QLCV\QuanLyCongViec\Backend\src\TaskManagement.Infrastructure\TaskManagement.Infrastructure.csproj]
  TaskManagement.Infrastructure -> c:\Users\phucl\OneDrive\Desktop\QLCV\QuanLyCongViec\Backend\src\TaskManagement.Infrastructure\bin\Debug\net10.0\TaskManagement.Infrastructure.dll
C:\Program Files\dotnet\sdk\10.0.101\Microsoft.Common.CurrentVersion.targets(5080,5): warning MSB3026: Could not copy "C:\Users\phucl\OneDrive\Desktop\QLCV\QuanLyCongViec\Backend\src\TaskManagement.Application\bin\Debug\net10.0\TaskManagement.Application.dll" to "bin\Debug\net10.0\TaskManagement.Application.dll". Beginning retry 1 in 1000ms. The process cannot access the file 'c:\Users\phucl\OneDrive\Desktop\QLCV\QuanLyCongViec\Backend\src\TaskManagement.API\bin\Debug\net10.0\TaskManagement.Application.dll' because it is being used by another process. The file is locked by: "TaskManagement.API (13968)" [c:\Users\phucl\OneDrive\Desktop\QLCV\QuanLyCongViec\Backend\src\TaskManagement.API\TaskManagement.API.csproj]
C:\Program Files\dotnet\sdk\10.0.101\Microsoft.Common.CurrentVersion.targets(5080,5): warning MSB3026: Could not copy "c:\Users\phucl\OneDrive\Desktop\QLCV\QuanLyCongViec\Backend\src\TaskManagement.Infrastructure\bin\Debug\net10.0\TaskManagement.Infrastructure.dll" to "bin\Debug\net10.0\TaskManagement.Infrastructure.dll". Beginning retry 1 in 1000ms. The process cannot access the file 'c:\Users\phucl\OneDrive\Desktop\QLCV\QuanLyCongViec\Backend\src\TaskManagement.API\bin\Debug\net10.0\TaskManagement.Infrastructure.dll' because it is being used by another process. The file is locked by: "TaskManagement.API (13968)" [c:\Users\phucl\OneDrive\Desktop\QLCV\QuanLyCongViec\Backend\src\TaskManagement.API\TaskManagement.API.csproj]
C:\Program Files\dotnet\sdk\10.0.101\Microsoft.Common.CurrentVersion.targets(5080,5): warning MSB3026: Could not copy "C:\Users\phucl\OneDrive\Desktop\QLCV\QuanLyCongViec\Backend\src\TaskManagement.Domain\bin\Debug\net10.0\TaskManagement.Domain.dll" to "bin\Debug\net10.0\TaskManagement.Domain.dll". Beginning retry 1 in 1000ms. The process cannot access the file 'c:\Users\phucl\OneDrive\Desktop\QLCV\QuanLyCongViec\Backend\src\TaskManagement.API\bin\Debug\net10.0\TaskManagement.Domain.dll' because it is being used by another process. The file is locked by: "TaskManagement.API (13968)" [c:\Users\phucl\OneDrive\Desktop\QLCV\QuanLyCongViec\Backend\src\TaskManagement.API\TaskManagement.API.csproj]
C:\Program Files\dotnet\sdk\10.0.101\Microsoft.Common.CurrentVersion.targets(5080,5): warning MSB3026: Could not copy "C:\Users\phucl\OneDrive\Desktop\QLCV\QuanLyCongViec\Backend\src\TaskManagement.Application\bin\Debug\net10.0\TaskManagement.Application.dll" to "bin\Debug\net10.0\TaskManagement.Application.dll". Beginning retry 2 in 1000ms. The process cannot access the file 'c:\Users\phucl\OneDrive\Desktop\QLCV\QuanLyCongViec\Backend\src\TaskManagement.API\bin\Debug\net10.0\TaskManagement.Application.dll' because it is being used by another process. The file is locked by: "TaskManagement.API (13968)" [c:\Users\phucl\OneDrive\Desktop\QLCV\QuanLyCongViec\Backend\src\TaskManagement.API\TaskManagement.API.csproj]
C:\Program Files\dotnet\sdk\10.0.101\Microsoft.Common.CurrentVersion.targets(5080,5): warning MSB3026: Could not copy "C:\Users\phucl\OneDrive\Desktop\QLCV\QuanLyCongViec\Backend\src\TaskManagement.Domain\bin\Debug\net10.0\TaskManagement.Domain.dll" to "bin\Debug\net10.0\TaskManagement.Domain.dll". Beginning retry 2 in 1000ms. The process cannot access the file 'c:\Users\phucl\OneDrive\Desktop\QLCV\QuanLyCongViec\Backend\src\TaskManagement.API\bin\Debug\net10.0\TaskManagement.Domain.dll' because it is being used by another process. The file is locked by: "TaskManagement.API (13968)" [c:\Users\phucl\OneDrive\Desktop\QLCV\QuanLyCongViec\Backend\src\TaskManagement.API\TaskManagement.API.csproj]
C:\Program Files\dotnet\sdk\10.0.101\Microsoft.Common.CurrentVersion.targets(5080,5): warning MSB3026: Could not copy "c:\Users\phucl\OneDrive\Desktop\QLCV\QuanLyCongViec\Backend\src\TaskManagement.Infrastructure\bin\Debug\net10.0\TaskManagement.Infrastructure.dll" to "bin\Debug\net10.0\TaskManagement.Infrastructure.dll". Beginning retry 2 in 1000ms. The process cannot access the file 'c:\Users\phucl\OneDrive\Desktop\QLCV\QuanLyCongViec\Backend\src\TaskManagement.API\bin\Debug\net10.0\TaskManagement.Infrastructure.dll' because it is being used by another process. The file is locked by: "TaskManagement.API (13968)" [c:\Users\phucl\OneDrive\Desktop\QLCV\QuanLyCongViec\Backend\src\TaskManagement.API\TaskManagement.API.csproj]
C:\Program Files\dotnet\sdk\10.0.101\Microsoft.Common.CurrentVersion.targets(5080,5): warning MSB3026: Could not copy "C:\Users\phucl\OneDrive\Desktop\QLCV\QuanLyCongViec\Backend\src\TaskManagement.Application\bin\Debug\net10.0\TaskManagement.Application.dll" to "bin\Debug\net10.0\TaskManagement.Application.dll". Beginning retry 3 in 1000ms. The process cannot access the file 'c:\Users\phucl\OneDrive\Desktop\QLCV\QuanLyCongViec\Backend\src\TaskManagement.API\bin\Debug\net10.0\TaskManagement.Application.dll' because it is being used by another process. The file is locked by: "TaskManagement.API (13968)" [c:\Users\phucl\OneDrive\Desktop\QLCV\QuanLyCongViec\Backend\src\TaskManagement.API\TaskManagement.API.csproj]
C:\Program Files\dotnet\sdk\10.0.101\Microsoft.Common.CurrentVersion.targets(5080,5): warning MSB3026: Could not copy "C:\Users\phucl\OneDrive\Desktop\QLCV\QuanLyCongViec\Backend\src\TaskManagement.Domain\bin\Debug\net10.0\TaskManagement.Domain.dll" to "bin\Debug\net10.0\TaskManagement.Domain.dll". Beginning retry 3 in 1000ms. The process cannot access the file 'c:\Users\phucl\OneDrive\Desktop\QLCV\QuanLyCongViec\Backend\src\TaskManagement.API\bin\Debug\net10.0\TaskManagement.Domain.dll' because it is being used by another process. The file is locked by: "TaskManagement.API (13968)" [c:\Users\phucl\OneDrive\Desktop\QLCV\QuanLyCongViec\Backend\src\TaskManagement.API\TaskManagement.API.csproj]
C:\Program Files\dotnet\sdk\10.0.101\Microsoft.Common.CurrentVersion.targets(5080,5): warning MSB3026: Could not copy "c:\Users\phucl\OneDrive\Desktop\QLCV\QuanLyCongViec\Backend\src\TaskManagement.Infrastructure\bin\Debug\net10.0\TaskManagement.Infrastructure.dll" to "bin\Debug\net10.0\TaskManagement.Infrastructure.dll". Beginning retry 3 in 1000ms. The process cannot access the file 'c:\Users\phucl\OneDrive\Desktop\QLCV\QuanLyCongViec\Backend\src\TaskManagement.API\bin\Debug\net10.0\TaskManagement.Infrastructure.dll' because it is being used by another process. The file is locked by: "TaskManagement.API (13968)" [c:\Users\phucl\OneDrive\Desktop\QLCV\QuanLyCongViec\Backend\src\TaskManagement.API\TaskManagement.API.csproj]
C:\Program Files\dotnet\sdk\10.0.101\Microsoft.Common.CurrentVersion.targets(5080,5): warning MSB3026: Could not copy "C:\Users\phucl\OneDrive\Desktop\QLCV\QuanLyCongViec\Backend\src\TaskManagement.Application\bin\Debug\net10.0\TaskManagement.Application.dll" to "bin\Debug\net10.0\TaskManagement.Application.dll". Beginning retry 4 in 1000ms. The process cannot access the file 'c:\Users\phucl\OneDrive\Desktop\QLCV\QuanLyCongViec\Backend\src\TaskManagement.API\bin\Debug\net10.0\TaskManagement.Application.dll' because it is being used by another process. The file is locked by: "TaskManagement.API (13968)" [c:\Users\phucl\OneDrive\Desktop\QLCV\QuanLyCongViec\Backend\src\TaskManagement.API\TaskManagement.API.csproj]
C:\Program Files\dotnet\sdk\10.0.101\Microsoft.Common.CurrentVersion.targets(5080,5): warning MSB3026: Could not copy "C:\Users\phucl\OneDrive\Desktop\QLCV\QuanLyCongViec\Backend\src\TaskManagement.Domain\bin\Debug\net10.0\TaskManagement.Domain.dll" to "bin\Debug\net10.0\TaskManagement.Domain.dll". Beginning retry 4 in 1000ms. The process cannot access the file 'c:\Users\phucl\OneDrive\Desktop\QLCV\QuanLyCongViec\Backend\src\TaskManagement.API\bin\Debug\net10.0\TaskManagement.Domain.dll' because it is being used by another process. The file is locked by: "TaskManagement.API (13968)" [c:\Users\phucl\OneDrive\Desktop\QLCV\QuanLyCongViec\Backend\src\TaskManagement.API\TaskManagement.API.csproj]
C:\Program Files\dotnet\sdk\10.0.101\Microsoft.Common.CurrentVersion.targets(5080,5): warning MSB3026: Could not copy "c:\Users\phucl\OneDrive\Desktop\QLCV\QuanLyCongViec\Backend\src\TaskManagement.Infrastructure\bin\Debug\net10.0\TaskManagement.Infrastructure.dll" to "bin\Debug\net10.0\TaskManagement.Infrastructure.dll". Beginning retry 4 in 1000ms. The process cannot access the file 'c:\Users\phucl\OneDrive\Desktop\QLCV\QuanLyCongViec\Backend\src\TaskManagement.API\bin\Debug\net10.0\TaskManagement.Infrastructure.dll' because it is being used by another process. The file is locked by: "TaskManagement.API (13968)" [c:\Users\phucl\OneDrive\Desktop\QLCV\QuanLyCongViec\Backend\src\TaskManagement.API\TaskManagement.API.csproj]
C:\Program Files\dotnet\sdk\10.0.101\Microsoft.Common.CurrentVersion.targets(5080,5): warning MSB3026: Could not copy "C:\Users\phucl\OneDrive\Desktop\QLCV\QuanLyCongViec\Backend\src\TaskManagement.Application\bin\Debug\net10.0\TaskManagement.Application.dll" to "bin\Debug\net10.0\TaskManagement.Application.dll". Beginning retry 5 in 1000ms. The process cannot access the file 'c:\Users\phucl\OneDrive\Desktop\QLCV\QuanLyCongViec\Backend\src\TaskManagement.API\bin\Debug\net10.0\TaskManagement.Application.dll' because it is being used by another process. The file is locked by: "TaskManagement.API (13968)" [c:\Users\phucl\OneDrive\Desktop\QLCV\QuanLyCongViec\Backend\src\TaskManagement.API\TaskManagement.API.csproj]
C:\Program Files\dotnet\sdk\10.0.101\Microsoft.Common.CurrentVersion.targets(5080,5): warning MSB3026: Could not copy "c:\Users\phucl\OneDrive\Desktop\QLCV\QuanLyCongViec\Backend\src\TaskManagement.Infrastructure\bin\Debug\net10.0\TaskManagement.Infrastructure.dll" to "bin\Debug\net10.0\TaskManagement.Infrastructure.dll". Beginning retry 5 in 1000ms. The process cannot access the file 'c:\Users\phucl\OneDrive\Desktop\QLCV\QuanLyCongViec\Backend\src\TaskManagement.API\bin\Debug\net10.0\TaskManagement.Infrastructure.dll' because it is being used by another process. The file is locked by: "TaskManagement.API (13968)" [c:\Users\phucl\OneDrive\Desktop\QLCV\QuanLyCongViec\Backend\src\TaskManagement.API\TaskManagement.API.csproj]
C:\Program Files\dotnet\sdk\10.0.101\Microsoft.Common.CurrentVersion.targets(5080,5): warning MSB3026: Could not copy "C:\Users\phucl\OneDrive\Desktop\QLCV\QuanLyCongViec\Backend\src\TaskManagement.Domain\bin\Debug\net10.0\TaskManagement.Domain.dll" to "bin\Debug\net10.0\TaskManagement.Domain.dll". Beginning retry 5 in 1000ms. The process cannot access the file 'c:\Users\phucl\OneDrive\Desktop\QLCV\QuanLyCongViec\Backend\src\TaskManagement.API\bin\Debug\net10.0\TaskManagement.Domain.dll' because it is being used by another process. The file is locked by: "TaskManagement.API (13968)" [c:\Users\phucl\OneDrive\Desktop\QLCV\QuanLyCongViec\Backend\src\TaskManagement.API\TaskManagement.API.csproj]
C:\Program Files\dotnet\sdk\10.0.101\Microsoft.Common.CurrentVersion.targets(5080,5): warning MSB3026: Could not copy "C:\Users\phucl\OneDrive\Desktop\QLCV\QuanLyCongViec\Backend\src\TaskManagement.Application\bin\Debug\net10.0\TaskManagement.Application.dll" to "bin\Debug\net10.0\TaskManagement.Application.dll". Beginning retry 6 in 1000ms. The process cannot access the file 'c:\Users\phucl\OneDrive\Desktop\QLCV\QuanLyCongViec\Backend\src\TaskManagement.API\bin\Debug\net10.0\TaskManagement.Application.dll' because it is being used by another process. The file is locked by: "TaskManagement.API (13968)" [c:\Users\phucl\OneDrive\Desktop\QLCV\QuanLyCongViec\Backend\src\TaskManagement.API\TaskManagement.API.csproj]
C:\Program Files\dotnet\sdk\10.0.101\Microsoft.Common.CurrentVersion.targets(5080,5): warning MSB3026: Could not copy "C:\Users\phucl\OneDrive\Desktop\QLCV\QuanLyCongViec\Backend\src\TaskManagement.Domain\bin\Debug\net10.0\TaskManagement.Domain.dll" to "bin\Debug\net10.0\TaskManagement.Domain.dll". Beginning retry 6 in 1000ms. The process cannot access the file 'c:\Users\phucl\OneDrive\Desktop\QLCV\QuanLyCongViec\Backend\src\TaskManagement.API\bin\Debug\net10.0\TaskManagement.Domain.dll' because it is being used by another process. The file is locked by: "TaskManagement.API (13968)" [c:\Users\phucl\OneDrive\Desktop\QLCV\QuanLyCongViec\Backend\src\TaskManagement.API\TaskManagement.API.csproj]
C:\Program Files\dotnet\sdk\10.0.101\Microsoft.Common.CurrentVersion.targets(5080,5): warning MSB3026: Could not copy "c:\Users\phucl\OneDrive\Desktop\QLCV\QuanLyCongViec\Backend\src\TaskManagement.Infrastructure\bin\Debug\net10.0\TaskManagement.Infrastructure.dll" to "bin\Debug\net10.0\TaskManagement.Infrastructure.dll". Beginning retry 6 in 1000ms. The process cannot access the file 'c:\Users\phucl\OneDrive\Desktop\QLCV\QuanLyCongViec\Backend\src\TaskManagement.API\bin\Debug\net10.0\TaskManagement.Infrastructure.dll' because it is being used by another process. The file is locked by: "TaskManagement.API (13968)" [c:\Users\phucl\OneDrive\Desktop\QLCV\QuanLyCongViec\Backend\src\TaskManagement.API\TaskManagement.API.csproj]
C:\Program Files\dotnet\sdk\10.0.101\Microsoft.Common.CurrentVersion.targets(5080,5): warning MSB3026: Could not copy "C:\Users\phucl\OneDrive\Desktop\QLCV\QuanLyCongViec\Backend\src\TaskManagement.Application\bin\Debug\net10.0\TaskManagement.Application.dll" to "bin\Debug\net10.0\TaskManagement.Application.dll". Beginning retry 7 in 1000ms. The process cannot access the file 'c:\Users\phucl\OneDrive\Desktop\QLCV\QuanLyCongViec\Backend\src\TaskManagement.API\bin\Debug\net10.0\TaskManagement.Application.dll' because it is being used by another process. The file is locked by: "TaskManagement.API (13968)" [c:\Users\phucl\OneDrive\Desktop\QLCV\QuanLyCongViec\Backend\src\TaskManagement.API\TaskManagement.API.csproj]
C:\Program Files\dotnet\sdk\10.0.101\Microsoft.Common.CurrentVersion.targets(5080,5): warning MSB3026: Could not copy "C:\Users\phucl\OneDrive\Desktop\QLCV\QuanLyCongViec\Backend\src\TaskManagement.Domain\bin\Debug\net10.0\TaskManagement.Domain.dll" to "bin\Debug\net10.0\TaskManagement.Domain.dll". Beginning retry 7 in 1000ms. The process cannot access the file 'c:\Users\phucl\OneDrive\Desktop\QLCV\QuanLyCongViec\Backend\src\TaskManagement.API\bin\Debug\net10.0\TaskManagement.Domain.dll' because it is being used by another process. The file is locked by: "TaskManagement.API (13968)" [c:\Users\phucl\OneDrive\Desktop\QLCV\QuanLyCongViec\Backend\src\TaskManagement.API\TaskManagement.API.csproj]
C:\Program Files\dotnet\sdk\10.0.101\Microsoft.Common.CurrentVersion.targets(5080,5): warning MSB3026: Could not copy "c:\Users\phucl\OneDrive\Desktop\QLCV\QuanLyCongViec\Backend\src\TaskManagement.Infrastructure\bin\Debug\net10.0\TaskManagement.Infrastructure.dll" to "bin\Debug\net10.0\TaskManagement.Infrastructure.dll". Beginning retry 7 in 1000ms. The process cannot access the file 'c:\Users\phucl\OneDrive\Desktop\QLCV\QuanLyCongViec\Backend\src\TaskManagement.API\bin\Debug\net10.0\TaskManagement.Infrastructure.dll' because it is being used by another process. The file is locked by: "TaskManagement.API (13968)" [c:\Users\phucl\OneDrive\Desktop\QLCV\QuanLyCongViec\Backend\src\TaskManagement.API\TaskManagement.API.csproj]
C:\Program Files\dotnet\sdk\10.0.101\Microsoft.Common.CurrentVersion.targets(5080,5): warning MSB3026: Could not copy "C:\Users\phucl\OneDrive\Desktop\QLCV\QuanLyCongViec\Backend\src\TaskManagement.Application\bin\Debug\net10.0\TaskManagement.Application.dll" to "bin\Debug\net10.0\TaskManagement.Application.dll". Beginning retry 8 in 1000ms. The process cannot access the file 'c:\Users\phucl\OneDrive\Desktop\QLCV\QuanLyCongViec\Backend\src\TaskManagement.API\bin\Debug\net10.0\TaskManagement.Application.dll' because it is being used by another process. The file is locked by: "TaskManagement.API (13968)" [c:\Users\phucl\OneDrive\Desktop\QLCV\QuanLyCongViec\Backend\src\TaskManagement.API\TaskManagement.API.csproj]
C:\Program Files\dotnet\sdk\10.0.101\Microsoft.Common.CurrentVersion.targets(5080,5): warning MSB3026: Could not copy "C:\Users\phucl\OneDrive\Desktop\QLCV\QuanLyCongViec\Backend\src\TaskManagement.Domain\bin\Debug\net10.0\TaskManagement.Domain.dll" to "bin\Debug\net10.0\TaskManagement.Domain.dll". Beginning retry 8 in 1000ms. The process cannot access the file 'c:\Users\phucl\OneDrive\Desktop\QLCV\QuanLyCongViec\Backend\src\TaskManagement.API\bin\Debug\net10.0\TaskManagement.Domain.dll' because it is being used by another process. The file is locked by: "TaskManagement.API (13968)" [c:\Users\phucl\OneDrive\Desktop\QLCV\QuanLyCongViec\Backend\src\TaskManagement.API\TaskManagement.API.csproj]
C:\Program Files\dotnet\sdk\10.0.101\Microsoft.Common.CurrentVersion.targets(5080,5): warning MSB3026: Could not copy "c:\Users\phucl\OneDrive\Desktop\QLCV\QuanLyCongViec\Backend\src\TaskManagement.Infrastructure\bin\Debug\net10.0\TaskManagement.Infrastructure.dll" to "bin\Debug\net10.0\TaskManagement.Infrastructure.dll". Beginning retry 8 in 1000ms. The process cannot access the file 'c:\Users\phucl\OneDrive\Desktop\QLCV\QuanLyCongViec\Backend\src\TaskManagement.API\bin\Debug\net10.0\TaskManagement.Infrastructure.dll' because it is being used by another process. The file is locked by: "TaskManagement.API (13968)" [c:\Users\phucl\OneDrive\Desktop\QLCV\QuanLyCongViec\Backend\src\TaskManagement.API\TaskManagement.API.csproj]
C:\Program Files\dotnet\sdk\10.0.101\Microsoft.Common.CurrentVersion.targets(5080,5): warning MSB3026: Could not copy "C:\Users\phucl\OneDrive\Desktop\QLCV\QuanLyCongViec\Backend\src\TaskManagement.Application\bin\Debug\net10.0\TaskManagement.Application.dll" to "bin\Debug\net10.0\TaskManagement.Application.dll". Beginning retry 9 in 1000ms. The process cannot access the file 'c:\Users\phucl\OneDrive\Desktop\QLCV\QuanLyCongViec\Backend\src\TaskManagement.API\bin\Debug\net10.0\TaskManagement.Application.dll' because it is being used by another process. The file is locked by: "TaskManagement.API (13968)" [c:\Users\phucl\OneDrive\Desktop\QLCV\QuanLyCongViec\Backend\src\TaskManagement.API\TaskManagement.API.csproj]
C:\Program Files\dotnet\sdk\10.0.101\Microsoft.Common.CurrentVersion.targets(5080,5): warning MSB3026: Could not copy "C:\Users\phucl\OneDrive\Desktop\QLCV\QuanLyCongViec\Backend\src\TaskManagement.Domain\bin\Debug\net10.0\TaskManagement.Domain.dll" to "bin\Debug\net10.0\TaskManagement.Domain.dll". Beginning retry 9 in 1000ms. The process cannot access the file 'c:\Users\phucl\OneDrive\Desktop\QLCV\QuanLyCongViec\Backend\src\TaskManagement.API\bin\Debug\net10.0\TaskManagement.Domain.dll' because it is being used by another process. The file is locked by: "TaskManagement.API (13968)" [c:\Users\phucl\OneDrive\Desktop\QLCV\QuanLyCongViec\Backend\src\TaskManagement.API\TaskManagement.API.csproj]
C:\Program Files\dotnet\sdk\10.0.101\Microsoft.Common.CurrentVersion.targets(5080,5): warning MSB3026: Could not copy "c:\Users\phucl\OneDrive\Desktop\QLCV\QuanLyCongViec\Backend\src\TaskManagement.Infrastructure\bin\Debug\net10.0\TaskManagement.Infrastructure.dll" to "bin\Debug\net10.0\TaskManagement.Infrastructure.dll". Beginning retry 9 in 1000ms. The process cannot access the file 'c:\Users\phucl\OneDrive\Desktop\QLCV\QuanLyCongViec\Backend\src\TaskManagement.API\bin\Debug\net10.0\TaskManagement.Infrastructure.dll' because it is being used by another process. The file is locked by: "TaskManagement.API (13968)" [c:\Users\phucl\OneDrive\Desktop\QLCV\QuanLyCongViec\Backend\src\TaskManagement.API\TaskManagement.API.csproj]
C:\Program Files\dotnet\sdk\10.0.101\Microsoft.Common.CurrentVersion.targets(5080,5): warning MSB3026: Could not copy "C:\Users\phucl\OneDrive\Desktop\QLCV\QuanLyCongViec\Backend\src\TaskManagement.Application\bin\Debug\net10.0\TaskManagement.Application.dll" to "bin\Debug\net10.0\TaskManagement.Application.dll". Beginning retry 10 in 1000ms. The process cannot access the file 'c:\Users\phucl\OneDrive\Desktop\QLCV\QuanLyCongViec\Backend\src\TaskManagement.API\bin\Debug\net10.0\TaskManagement.Application.dll' because it is being used by another process. The file is locked by: "TaskManagement.API (13968)" [c:\Users\phucl\OneDrive\Desktop\QLCV\QuanLyCongViec\Backend\src\TaskManagement.API\TaskManagement.API.csproj]
C:\Program Files\dotnet\sdk\10.0.101\Microsoft.Common.CurrentVersion.targets(5080,5): warning MSB3026: Could not copy "C:\Users\phucl\OneDrive\Desktop\QLCV\QuanLyCongViec\Backend\src\TaskManagement.Domain\bin\Debug\net10.0\TaskManagement.Domain.dll" to "bin\Debug\net10.0\TaskManagement.Domain.dll". Beginning retry 10 in 1000ms. The process cannot access the file 'c:\Users\phucl\OneDrive\Desktop\QLCV\QuanLyCongViec\Backend\src\TaskManagement.API\bin\Debug\net10.0\TaskManagement.Domain.dll' because it is being used by another process. The file is locked by: "TaskManagement.API (13968)" [c:\Users\phucl\OneDrive\Desktop\QLCV\QuanLyCongViec\Backend\src\TaskManagement.API\TaskManagement.API.csproj]
C:\Program Files\dotnet\sdk\10.0.101\Microsoft.Common.CurrentVersion.targets(5080,5): warning MSB3026: Could not copy "c:\Users\phucl\OneDrive\Desktop\QLCV\QuanLyCongViec\Backend\src\TaskManagement.Infrastructure\bin\Debug\net10.0\TaskManagement.Infrastructure.dll" to "bin\Debug\net10.0\TaskManagement.Infrastructure.dll". Beginning retry 10 in 1000ms. The process cannot access the file 'c:\Users\phucl\OneDrive\Desktop\QLCV\QuanLyCongViec\Backend\src\TaskManagement.API\bin\Debug\net10.0\TaskManagement.Infrastructure.dll' because it is being used by another process. The file is locked by: "TaskManagement.API (13968)" [c:\Users\phucl\OneDrive\Desktop\QLCV\QuanLyCongViec\Backend\src\TaskManagement.API\TaskManagement.API.csproj]
C:\Program Files\dotnet\sdk\10.0.101\Microsoft.Common.CurrentVersion.targets(5080,5): error MSB3027: Could not copy "C:\Users\phucl\OneDrive\Desktop\QLCV\QuanLyCongViec\Backend\src\TaskManagement.Application\bin\Debug\net10.0\TaskManagement.Application.dll" to "bin\Debug\net10.0\TaskManagement.Application.dll". Exceeded retry count of 10. Failed. The file is locked by: "TaskManagement.API (13968)" [c:\Users\phucl\OneDrive\Desktop\QLCV\QuanLyCongViec\Backend\src\TaskManagement.API\TaskManagement.API.csproj]
C:\Program Files\dotnet\sdk\10.0.101\Microsoft.Common.CurrentVersion.targets(5080,5): error MSB3021: Unable to copy file "C:\Users\phucl\OneDrive\Desktop\QLCV\QuanLyCongViec\Backend\src\TaskManagement.Application\bin\Debug\net10.0\TaskManagement.Application.dll" to "bin\Debug\net10.0\TaskManagement.Application.dll". The process cannot access the file 'c:\Users\phucl\OneDrive\Desktop\QLCV\QuanLyCongViec\Backend\src\TaskManagement.API\bin\Debug\net10.0\TaskManagement.Application.dll' because it is being used by another process. [c:\Users\phucl\OneDrive\Desktop\QLCV\QuanLyCongViec\Backend\src\TaskManagement.API\TaskManagement.API.csproj]
C:\Program Files\dotnet\sdk\10.0.101\Microsoft.Common.CurrentVersion.targets(5080,5): error MSB3027: Could not copy "c:\Users\phucl\OneDrive\Desktop\QLCV\QuanLyCongViec\Backend\src\TaskManagement.Infrastructure\bin\Debug\net10.0\TaskManagement.Infrastructure.dll" to "bin\Debug\net10.0\TaskManagement.Infrastructure.dll". Exceeded retry count of 10. Failed. The file is locked by: "TaskManagement.API (13968)" [c:\Users\phucl\OneDrive\Desktop\QLCV\QuanLyCongViec\Backend\src\TaskManagement.API\TaskManagement.API.csproj]
C:\Program Files\dotnet\sdk\10.0.101\Microsoft.Common.CurrentVersion.targets(5080,5): error MSB3021: Unable to copy file "c:\Users\phucl\OneDrive\Desktop\QLCV\QuanLyCongViec\Backend\src\TaskManagement.Infrastructure\bin\Debug\net10.0\TaskManagement.Infrastructure.dll" to "bin\Debug\net10.0\TaskManagement.Infrastructure.dll". The process cannot access the file 'c:\Users\phucl\OneDrive\Desktop\QLCV\QuanLyCongViec\Backend\src\TaskManagement.API\bin\Debug\net10.0\TaskManagement.Infrastructure.dll' because it is being used by another process. [c:\Users\phucl\OneDrive\Desktop\QLCV\QuanLyCongViec\Backend\src\TaskManagement.API\TaskManagement.API.csproj]
C:\Program Files\dotnet\sdk\10.0.101\Microsoft.Common.CurrentVersion.targets(5080,5): error MSB3027: Could not copy "C:\Users\phucl\OneDrive\Desktop\QLCV\QuanLyCongViec\Backend\src\TaskManagement.Domain\bin\Debug\net10.0\TaskManagement.Domain.dll" to "bin\Debug\net10.0\TaskManagement.Domain.dll". Exceeded retry count of 10. Failed. The file is locked by: "TaskManagement.API (13968)" [c:\Users\phucl\OneDrive\Desktop\QLCV\QuanLyCongViec\Backend\src\TaskManagement.API\TaskManagement.API.csproj]
C:\Program Files\dotnet\sdk\10.0.101\Microsoft.Common.CurrentVersion.targets(5080,5): error MSB3021: Unable to copy file "C:\Users\phucl\OneDrive\Desktop\QLCV\QuanLyCongViec\Backend\src\TaskManagement.Domain\bin\Debug\net10.0\TaskManagement.Domain.dll" to "bin\Debug\net10.0\TaskManagement.Domain.dll". The process cannot access the file 'c:\Users\phucl\OneDrive\Desktop\QLCV\QuanLyCongViec\Backend\src\TaskManagement.API\bin\Debug\net10.0\TaskManagement.Domain.dll' because it is being used by another process. [c:\Users\phucl\OneDrive\Desktop\QLCV\QuanLyCongViec\Backend\src\TaskManagement.API\TaskManagement.API.csproj]

Build FAILED.

c:\Users\phucl\OneDrive\Desktop\QLCV\QuanLyCongViec\Backend\src\TaskManagement.Infrastructure\Migrations\20260330062249_newdb.cs(9,26): warning CS8981: The type name 'newdb' only contains lower-cased ascii characters. Such names may become reserved for the language. [c:\Users\phucl\OneDrive\Desktop\QLCV\QuanLyCongViec\Backend\src\TaskManagement.Infrastructure\TaskManagement.Infrastructure.csproj]
c:\Users\phucl\OneDrive\Desktop\QLCV\QuanLyCongViec\Backend\src\TaskManagement.Infrastructure\Migrations\20260330062249_newdb.Designer.cs(16,19): warning CS8981: The type name 'newdb' only contains lower-cased ascii characters. Such names may become reserved for the language. [c:\Users\phucl\OneDrive\Desktop\QLCV\QuanLyCongViec\Backend\src\TaskManagement.Infrastructure\TaskManagement.Infrastructure.csproj]
c:\Users\phucl\OneDrive\Desktop\QLCV\QuanLyCongViec\Backend\src\TaskManagement.Infrastructure\Data\ApplicationDbContext.cs(396,87): warning CS8629: Nullable value type may be null. [c:\Users\phucl\OneDrive\Desktop\QLCV\QuanLyCongViec\Backend\src\TaskManagement.Infrastructure\TaskManagement.Infrastructure.csproj]
C:\Program Files\dotnet\sdk\10.0.101\Microsoft.Common.CurrentVersion.targets(5080,5): warning MSB3026: Could not copy "C:\Users\phucl\OneDrive\Desktop\QLCV\QuanLyCongViec\Backend\src\TaskManagement.Application\bin\Debug\net10.0\TaskManagement.Application.dll" to "bin\Debug\net10.0\TaskManagement.Application.dll". Beginning retry 1 in 1000ms. The process cannot access the file 'c:\Users\phucl\OneDrive\Desktop\QLCV\QuanLyCongViec\Backend\src\TaskManagement.API\bin\Debug\net10.0\TaskManagement.Application.dll' because it is being used by another process. The file is locked by: "TaskManagement.API (13968)" [c:\Users\phucl\OneDrive\Desktop\QLCV\QuanLyCongViec\Backend\src\TaskManagement.API\TaskManagement.API.csproj]
C:\Program Files\dotnet\sdk\10.0.101\Microsoft.Common.CurrentVersion.targets(5080,5): warning MSB3026: Could not copy "c:\Users\phucl\OneDrive\Desktop\QLCV\QuanLyCongViec\Backend\src\TaskManagement.Infrastructure\bin\Debug\net10.0\TaskManagement.Infrastructure.dll" to "bin\Debug\net10.0\TaskManagement.Infrastructure.dll". Beginning retry 1 in 1000ms. The process cannot access the file 'c:\Users\phucl\OneDrive\Desktop\QLCV\QuanLyCongViec\Backend\src\TaskManagement.API\bin\Debug\net10.0\TaskManagement.Infrastructure.dll' because it is being used by another process. The file is locked by: "TaskManagement.API (13968)" [c:\Users\phucl\OneDrive\Desktop\QLCV\QuanLyCongViec\Backend\src\TaskManagement.API\TaskManagement.API.csproj]
C:\Program Files\dotnet\sdk\10.0.101\Microsoft.Common.CurrentVersion.targets(5080,5): warning MSB3026: Could not copy "C:\Users\phucl\OneDrive\Desktop\QLCV\QuanLyCongViec\Backend\src\TaskManagement.Domain\bin\Debug\net10.0\TaskManagement.Domain.dll" to "bin\Debug\net10.0\TaskManagement.Domain.dll". Beginning retry 1 in 1000ms. The process cannot access the file 'c:\Users\phucl\OneDrive\Desktop\QLCV\QuanLyCongViec\Backend\src\TaskManagement.API\bin\Debug\net10.0\TaskManagement.Domain.dll' because it is being used by another process. The file is locked by: "TaskManagement.API (13968)" [c:\Users\phucl\OneDrive\Desktop\QLCV\QuanLyCongViec\Backend\src\TaskManagement.API\TaskManagement.API.csproj]
C:\Program Files\dotnet\sdk\10.0.101\Microsoft.Common.CurrentVersion.targets(5080,5): warning MSB3026: Could not copy "C:\Users\phucl\OneDrive\Desktop\QLCV\QuanLyCongViec\Backend\src\TaskManagement.Application\bin\Debug\net10.0\TaskManagement.Application.dll" to "bin\Debug\net10.0\TaskManagement.Application.dll". Beginning retry 2 in 1000ms. The process cannot access the file 'c:\Users\phucl\OneDrive\Desktop\QLCV\QuanLyCongViec\Backend\src\TaskManagement.API\bin\Debug\net10.0\TaskManagement.Application.dll' because it is being used by another process. The file is locked by: "TaskManagement.API (13968)" [c:\Users\phucl\OneDrive\Desktop\QLCV\QuanLyCongViec\Backend\src\TaskManagement.API\TaskManagement.API.csproj]
C:\Program Files\dotnet\sdk\10.0.101\Microsoft.Common.CurrentVersion.targets(5080,5): warning MSB3026: Could not copy "C:\Users\phucl\OneDrive\Desktop\QLCV\QuanLyCongViec\Backend\src\TaskManagement.Domain\bin\Debug\net10.0\TaskManagement.Domain.dll" to "bin\Debug\net10.0\TaskManagement.Domain.dll". Beginning retry 2 in 1000ms. The process cannot access the file 'c:\Users\phucl\OneDrive\Desktop\QLCV\QuanLyCongViec\Backend\src\TaskManagement.API\bin\Debug\net10.0\TaskManagement.Domain.dll' because it is being used by another process. The file is locked by: "TaskManagement.API (13968)" [c:\Users\phucl\OneDrive\Desktop\QLCV\QuanLyCongViec\Backend\src\TaskManagement.API\TaskManagement.API.csproj]
C:\Program Files\dotnet\sdk\10.0.101\Microsoft.Common.CurrentVersion.targets(5080,5): warning MSB3026: Could not copy "c:\Users\phucl\OneDrive\Desktop\QLCV\QuanLyCongViec\Backend\src\TaskManagement.Infrastructure\bin\Debug\net10.0\TaskManagement.Infrastructure.dll" to "bin\Debug\net10.0\TaskManagement.Infrastructure.dll". Beginning retry 2 in 1000ms. The process cannot access the file 'c:\Users\phucl\OneDrive\Desktop\QLCV\QuanLyCongViec\Backend\src\TaskManagement.API\bin\Debug\net10.0\TaskManagement.Infrastructure.dll' because it is being used by another process. The file is locked by: "TaskManagement.API (13968)" [c:\Users\phucl\OneDrive\Desktop\QLCV\QuanLyCongViec\Backend\src\TaskManagement.API\TaskManagement.API.csproj]
C:\Program Files\dotnet\sdk\10.0.101\Microsoft.Common.CurrentVersion.targets(5080,5): warning MSB3026: Could not copy "C:\Users\phucl\OneDrive\Desktop\QLCV\QuanLyCongViec\Backend\src\TaskManagement.Application\bin\Debug\net10.0\TaskManagement.Application.dll" to "bin\Debug\net10.0\TaskManagement.Application.dll". Beginning retry 3 in 1000ms. The process cannot access the file 'c:\Users\phucl\OneDrive\Desktop\QLCV\QuanLyCongViec\Backend\src\TaskManagement.API\bin\Debug\net10.0\TaskManagement.Application.dll' because it is being used by another process. The file is locked by: "TaskManagement.API (13968)" [c:\Users\phucl\OneDrive\Desktop\QLCV\QuanLyCongViec\Backend\src\TaskManagement.API\TaskManagement.API.csproj]
C:\Program Files\dotnet\sdk\10.0.101\Microsoft.Common.CurrentVersion.targets(5080,5): warning MSB3026: Could not copy "C:\Users\phucl\OneDrive\Desktop\QLCV\QuanLyCongViec\Backend\src\TaskManagement.Domain\bin\Debug\net10.0\TaskManagement.Domain.dll" to "bin\Debug\net10.0\TaskManagement.Domain.dll". Beginning retry 3 in 1000ms. The process cannot access the file 'c:\Users\phucl\OneDrive\Desktop\QLCV\QuanLyCongViec\Backend\src\TaskManagement.API\bin\Debug\net10.0\TaskManagement.Domain.dll' because it is being used by another process. The file is locked by: "TaskManagement.API (13968)" [c:\Users\phucl\OneDrive\Desktop\QLCV\QuanLyCongViec\Backend\src\TaskManagement.API\TaskManagement.API.csproj]
C:\Program Files\dotnet\sdk\10.0.101\Microsoft.Common.CurrentVersion.targets(5080,5): warning MSB3026: Could not copy "c:\Users\phucl\OneDrive\Desktop\QLCV\QuanLyCongViec\Backend\src\TaskManagement.Infrastructure\bin\Debug\net10.0\TaskManagement.Infrastructure.dll" to "bin\Debug\net10.0\TaskManagement.Infrastructure.dll". Beginning retry 3 in 1000ms. The process cannot access the file 'c:\Users\phucl\OneDrive\Desktop\QLCV\QuanLyCongViec\Backend\src\TaskManagement.API\bin\Debug\net10.0\TaskManagement.Infrastructure.dll' because it is being used by another process. The file is locked by: "TaskManagement.API (13968)" [c:\Users\phucl\OneDrive\Desktop\QLCV\QuanLyCongViec\Backend\src\TaskManagement.API\TaskManagement.API.csproj]
C:\Program Files\dotnet\sdk\10.0.101\Microsoft.Common.CurrentVersion.targets(5080,5): warning MSB3026: Could not copy "C:\Users\phucl\OneDrive\Desktop\QLCV\QuanLyCongViec\Backend\src\TaskManagement.Application\bin\Debug\net10.0\TaskManagement.Application.dll" to "bin\Debug\net10.0\TaskManagement.Application.dll". Beginning retry 4 in 1000ms. The process cannot access the file 'c:\Users\phucl\OneDrive\Desktop\QLCV\QuanLyCongViec\Backend\src\TaskManagement.API\bin\Debug\net10.0\TaskManagement.Application.dll' because it is being used by another process. The file is locked by: "TaskManagement.API (13968)" [c:\Users\phucl\OneDrive\Desktop\QLCV\QuanLyCongViec\Backend\src\TaskManagement.API\TaskManagement.API.csproj]
C:\Program Files\dotnet\sdk\10.0.101\Microsoft.Common.CurrentVersion.targets(5080,5): warning MSB3026: Could not copy "C:\Users\phucl\OneDrive\Desktop\QLCV\QuanLyCongViec\Backend\src\TaskManagement.Domain\bin\Debug\net10.0\TaskManagement.Domain.dll" to "bin\Debug\net10.0\TaskManagement.Domain.dll". Beginning retry 4 in 1000ms. The process cannot access the file 'c:\Users\phucl\OneDrive\Desktop\QLCV\QuanLyCongViec\Backend\src\TaskManagement.API\bin\Debug\net10.0\TaskManagement.Domain.dll' because it is being used by another process. The file is locked by: "TaskManagement.API (13968)" [c:\Users\phucl\OneDrive\Desktop\QLCV\QuanLyCongViec\Backend\src\TaskManagement.API\TaskManagement.API.csproj]
C:\Program Files\dotnet\sdk\10.0.101\Microsoft.Common.CurrentVersion.targets(5080,5): warning MSB3026: Could not copy "c:\Users\phucl\OneDrive\Desktop\QLCV\QuanLyCongViec\Backend\src\TaskManagement.Infrastructure\bin\Debug\net10.0\TaskManagement.Infrastructure.dll" to "bin\Debug\net10.0\TaskManagement.Infrastructure.dll". Beginning retry 4 in 1000ms. The process cannot access the file 'c:\Users\phucl\OneDrive\Desktop\QLCV\QuanLyCongViec\Backend\src\TaskManagement.API\bin\Debug\net10.0\TaskManagement.Infrastructure.dll' because it is being used by another process. The file is locked by: "TaskManagement.API (13968)" [c:\Users\phucl\OneDrive\Desktop\QLCV\QuanLyCongViec\Backend\src\TaskManagement.API\TaskManagement.API.csproj]
C:\Program Files\dotnet\sdk\10.0.101\Microsoft.Common.CurrentVersion.targets(5080,5): warning MSB3026: Could not copy "C:\Users\phucl\OneDrive\Desktop\QLCV\QuanLyCongViec\Backend\src\TaskManagement.Application\bin\Debug\net10.0\TaskManagement.Application.dll" to "bin\Debug\net10.0\TaskManagement.Application.dll". Beginning retry 5 in 1000ms. The process cannot access the file 'c:\Users\phucl\OneDrive\Desktop\QLCV\QuanLyCongViec\Backend\src\TaskManagement.API\bin\Debug\net10.0\TaskManagement.Application.dll' because it is being used by another process. The file is locked by: "TaskManagement.API (13968)" [c:\Users\phucl\OneDrive\Desktop\QLCV\QuanLyCongViec\Backend\src\TaskManagement.API\TaskManagement.API.csproj]
C:\Program Files\dotnet\sdk\10.0.101\Microsoft.Common.CurrentVersion.targets(5080,5): warning MSB3026: Could not copy "c:\Users\phucl\OneDrive\Desktop\QLCV\QuanLyCongViec\Backend\src\TaskManagement.Infrastructure\bin\Debug\net10.0\TaskManagement.Infrastructure.dll" to "bin\Debug\net10.0\TaskManagement.Infrastructure.dll". Beginning retry 5 in 1000ms. The process cannot access the file 'c:\Users\phucl\OneDrive\Desktop\QLCV\QuanLyCongViec\Backend\src\TaskManagement.API\bin\Debug\net10.0\TaskManagement.Infrastructure.dll' because it is being used by another process. The file is locked by: "TaskManagement.API (13968)" [c:\Users\phucl\OneDrive\Desktop\QLCV\QuanLyCongViec\Backend\src\TaskManagement.API\TaskManagement.API.csproj]
C:\Program Files\dotnet\sdk\10.0.101\Microsoft.Common.CurrentVersion.targets(5080,5): warning MSB3026: Could not copy "C:\Users\phucl\OneDrive\Desktop\QLCV\QuanLyCongViec\Backend\src\TaskManagement.Domain\bin\Debug\net10.0\TaskManagement.Domain.dll" to "bin\Debug\net10.0\TaskManagement.Domain.dll". Beginning retry 5 in 1000ms. The process cannot access the file 'c:\Users\phucl\OneDrive\Desktop\QLCV\QuanLyCongViec\Backend\src\TaskManagement.API\bin\Debug\net10.0\TaskManagement.Domain.dll' because it is being used by another process. The file is locked by: "TaskManagement.API (13968)" [c:\Users\phucl\OneDrive\Desktop\QLCV\QuanLyCongViec\Backend\src\TaskManagement.API\TaskManagement.API.csproj]
C:\Program Files\dotnet\sdk\10.0.101\Microsoft.Common.CurrentVersion.targets(5080,5): warning MSB3026: Could not copy "C:\Users\phucl\OneDrive\Desktop\QLCV\QuanLyCongViec\Backend\src\TaskManagement.Application\bin\Debug\net10.0\TaskManagement.Application.dll" to "bin\Debug\net10.0\TaskManagement.Application.dll". Beginning retry 6 in 1000ms. The process cannot access the file 'c:\Users\phucl\OneDrive\Desktop\QLCV\QuanLyCongViec\Backend\src\TaskManagement.API\bin\Debug\net10.0\TaskManagement.Application.dll' because it is being used by another process. The file is locked by: "TaskManagement.API (13968)" [c:\Users\phucl\OneDrive\Desktop\QLCV\QuanLyCongViec\Backend\src\TaskManagement.API\TaskManagement.API.csproj]
C:\Program Files\dotnet\sdk\10.0.101\Microsoft.Common.CurrentVersion.targets(5080,5): warning MSB3026: Could not copy "C:\Users\phucl\OneDrive\Desktop\QLCV\QuanLyCongViec\Backend\src\TaskManagement.Domain\bin\Debug\net10.0\TaskManagement.Domain.dll" to "bin\Debug\net10.0\TaskManagement.Domain.dll". Beginning retry 6 in 1000ms. The process cannot access the file 'c:\Users\phucl\OneDrive\Desktop\QLCV\QuanLyCongViec\Backend\src\TaskManagement.API\bin\Debug\net10.0\TaskManagement.Domain.dll' because it is being used by another process. The file is locked by: "TaskManagement.API (13968)" [c:\Users\phucl\OneDrive\Desktop\QLCV\QuanLyCongViec\Backend\src\TaskManagement.API\TaskManagement.API.csproj]
C:\Program Files\dotnet\sdk\10.0.101\Microsoft.Common.CurrentVersion.targets(5080,5): warning MSB3026: Could not copy "c:\Users\phucl\OneDrive\Desktop\QLCV\QuanLyCongViec\Backend\src\TaskManagement.Infrastructure\bin\Debug\net10.0\TaskManagement.Infrastructure.dll" to "bin\Debug\net10.0\TaskManagement.Infrastructure.dll". Beginning retry 6 in 1000ms. The process cannot access the file 'c:\Users\phucl\OneDrive\Desktop\QLCV\QuanLyCongViec\Backend\src\TaskManagement.API\bin\Debug\net10.0\TaskManagement.Infrastructure.dll' because it is being used by another process. The file is locked by: "TaskManagement.API (13968)" [c:\Users\phucl\OneDrive\Desktop\QLCV\QuanLyCongViec\Backend\src\TaskManagement.API\TaskManagement.API.csproj]
C:\Program Files\dotnet\sdk\10.0.101\Microsoft.Common.CurrentVersion.targets(5080,5): warning MSB3026: Could not copy "C:\Users\phucl\OneDrive\Desktop\QLCV\QuanLyCongViec\Backend\src\TaskManagement.Application\bin\Debug\net10.0\TaskManagement.Application.dll" to "bin\Debug\net10.0\TaskManagement.Application.dll". Beginning retry 7 in 1000ms. The process cannot access the file 'c:\Users\phucl\OneDrive\Desktop\QLCV\QuanLyCongViec\Backend\src\TaskManagement.API\bin\Debug\net10.0\TaskManagement.Application.dll' because it is being used by another process. The file is locked by: "TaskManagement.API (13968)" [c:\Users\phucl\OneDrive\Desktop\QLCV\QuanLyCongViec\Backend\src\TaskManagement.API\TaskManagement.API.csproj]
C:\Program Files\dotnet\sdk\10.0.101\Microsoft.Common.CurrentVersion.targets(5080,5): warning MSB3026: Could not copy "C:\Users\phucl\OneDrive\Desktop\QLCV\QuanLyCongViec\Backend\src\TaskManagement.Domain\bin\Debug\net10.0\TaskManagement.Domain.dll" to "bin\Debug\net10.0\TaskManagement.Domain.dll". Beginning retry 7 in 1000ms. The process cannot access the file 'c:\Users\phucl\OneDrive\Desktop\QLCV\QuanLyCongViec\Backend\src\TaskManagement.API\bin\Debug\net10.0\TaskManagement.Domain.dll' because it is being used by another process. The file is locked by: "TaskManagement.API (13968)" [c:\Users\phucl\OneDrive\Desktop\QLCV\QuanLyCongViec\Backend\src\TaskManagement.API\TaskManagement.API.csproj]
C:\Program Files\dotnet\sdk\10.0.101\Microsoft.Common.CurrentVersion.targets(5080,5): warning MSB3026: Could not copy "c:\Users\phucl\OneDrive\Desktop\QLCV\QuanLyCongViec\Backend\src\TaskManagement.Infrastructure\bin\Debug\net10.0\TaskManagement.Infrastructure.dll" to "bin\Debug\net10.0\TaskManagement.Infrastructure.dll". Beginning retry 7 in 1000ms. The process cannot access the file 'c:\Users\phucl\OneDrive\Desktop\QLCV\QuanLyCongViec\Backend\src\TaskManagement.API\bin\Debug\net10.0\TaskManagement.Infrastructure.dll' because it is being used by another process. The file is locked by: "TaskManagement.API (13968)" [c:\Users\phucl\OneDrive\Desktop\QLCV\QuanLyCongViec\Backend\src\TaskManagement.API\TaskManagement.API.csproj]
C:\Program Files\dotnet\sdk\10.0.101\Microsoft.Common.CurrentVersion.targets(5080,5): warning MSB3026: Could not copy "C:\Users\phucl\OneDrive\Desktop\QLCV\QuanLyCongViec\Backend\src\TaskManagement.Application\bin\Debug\net10.0\TaskManagement.Application.dll" to "bin\Debug\net10.0\TaskManagement.Application.dll". Beginning retry 8 in 1000ms. The process cannot access the file 'c:\Users\phucl\OneDrive\Desktop\QLCV\QuanLyCongViec\Backend\src\TaskManagement.API\bin\Debug\net10.0\TaskManagement.Application.dll' because it is being used by another process. The file is locked by: "TaskManagement.API (13968)" [c:\Users\phucl\OneDrive\Desktop\QLCV\QuanLyCongViec\Backend\src\TaskManagement.API\TaskManagement.API.csproj]
C:\Program Files\dotnet\sdk\10.0.101\Microsoft.Common.CurrentVersion.targets(5080,5): warning MSB3026: Could not copy "C:\Users\phucl\OneDrive\Desktop\QLCV\QuanLyCongViec\Backend\src\TaskManagement.Domain\bin\Debug\net10.0\TaskManagement.Domain.dll" to "bin\Debug\net10.0\TaskManagement.Domain.dll". Beginning retry 8 in 1000ms. The process cannot access the file 'c:\Users\phucl\OneDrive\Desktop\QLCV\QuanLyCongViec\Backend\src\TaskManagement.API\bin\Debug\net10.0\TaskManagement.Domain.dll' because it is being used by another process. The file is locked by: "TaskManagement.API (13968)" [c:\Users\phucl\OneDrive\Desktop\QLCV\QuanLyCongViec\Backend\src\TaskManagement.API\TaskManagement.API.csproj]
C:\Program Files\dotnet\sdk\10.0.101\Microsoft.Common.CurrentVersion.targets(5080,5): warning MSB3026: Could not copy "c:\Users\phucl\OneDrive\Desktop\QLCV\QuanLyCongViec\Backend\src\TaskManagement.Infrastructure\bin\Debug\net10.0\TaskManagement.Infrastructure.dll" to "bin\Debug\net10.0\TaskManagement.Infrastructure.dll". Beginning retry 8 in 1000ms. The process cannot access the file 'c:\Users\phucl\OneDrive\Desktop\QLCV\QuanLyCongViec\Backend\src\TaskManagement.API\bin\Debug\net10.0\TaskManagement.Infrastructure.dll' because it is being used by another process. The file is locked by: "TaskManagement.API (13968)" [c:\Users\phucl\OneDrive\Desktop\QLCV\QuanLyCongViec\Backend\src\TaskManagement.API\TaskManagement.API.csproj]
C:\Program Files\dotnet\sdk\10.0.101\Microsoft.Common.CurrentVersion.targets(5080,5): warning MSB3026: Could not copy "C:\Users\phucl\OneDrive\Desktop\QLCV\QuanLyCongViec\Backend\src\TaskManagement.Application\bin\Debug\net10.0\TaskManagement.Application.dll" to "bin\Debug\net10.0\TaskManagement.Application.dll". Beginning retry 9 in 1000ms. The process cannot access the file 'c:\Users\phucl\OneDrive\Desktop\QLCV\QuanLyCongViec\Backend\src\TaskManagement.API\bin\Debug\net10.0\TaskManagement.Application.dll' because it is being used by another process. The file is locked by: "TaskManagement.API (13968)" [c:\Users\phucl\OneDrive\Desktop\QLCV\QuanLyCongViec\Backend\src\TaskManagement.API\TaskManagement.API.csproj]
C:\Program Files\dotnet\sdk\10.0.101\Microsoft.Common.CurrentVersion.targets(5080,5): warning MSB3026: Could not copy "C:\Users\phucl\OneDrive\Desktop\QLCV\QuanLyCongViec\Backend\src\TaskManagement.Domain\bin\Debug\net10.0\TaskManagement.Domain.dll" to "bin\Debug\net10.0\TaskManagement.Domain.dll". Beginning retry 9 in 1000ms. The process cannot access the file 'c:\Users\phucl\OneDrive\Desktop\QLCV\QuanLyCongViec\Backend\src\TaskManagement.API\bin\Debug\net10.0\TaskManagement.Domain.dll' because it is being used by another process. The file is locked by: "TaskManagement.API (13968)" [c:\Users\phucl\OneDrive\Desktop\QLCV\QuanLyCongViec\Backend\src\TaskManagement.API\TaskManagement.API.csproj]
C:\Program Files\dotnet\sdk\10.0.101\Microsoft.Common.CurrentVersion.targets(5080,5): warning MSB3026: Could not copy "c:\Users\phucl\OneDrive\Desktop\QLCV\QuanLyCongViec\Backend\src\TaskManagement.Infrastructure\bin\Debug\net10.0\TaskManagement.Infrastructure.dll" to "bin\Debug\net10.0\TaskManagement.Infrastructure.dll". Beginning retry 9 in 1000ms. The process cannot access the file 'c:\Users\phucl\OneDrive\Desktop\QLCV\QuanLyCongViec\Backend\src\TaskManagement.API\bin\Debug\net10.0\TaskManagement.Infrastructure.dll' because it is being used by another process. The file is locked by: "TaskManagement.API (13968)" [c:\Users\phucl\OneDrive\Desktop\QLCV\QuanLyCongViec\Backend\src\TaskManagement.API\TaskManagement.API.csproj]
C:\Program Files\dotnet\sdk\10.0.101\Microsoft.Common.CurrentVersion.targets(5080,5): warning MSB3026: Could not copy "C:\Users\phucl\OneDrive\Desktop\QLCV\QuanLyCongViec\Backend\src\TaskManagement.Application\bin\Debug\net10.0\TaskManagement.Application.dll" to "bin\Debug\net10.0\TaskManagement.Application.dll". Beginning retry 10 in 1000ms. The process cannot access the file 'c:\Users\phucl\OneDrive\Desktop\QLCV\QuanLyCongViec\Backend\src\TaskManagement.API\bin\Debug\net10.0\TaskManagement.Application.dll' because it is being used by another process. The file is locked by: "TaskManagement.API (13968)" [c:\Users\phucl\OneDrive\Desktop\QLCV\QuanLyCongViec\Backend\src\TaskManagement.API\TaskManagement.API.csproj]
C:\Program Files\dotnet\sdk\10.0.101\Microsoft.Common.CurrentVersion.targets(5080,5): warning MSB3026: Could not copy "C:\Users\phucl\OneDrive\Desktop\QLCV\QuanLyCongViec\Backend\src\TaskManagement.Domain\bin\Debug\net10.0\TaskManagement.Domain.dll" to "bin\Debug\net10.0\TaskManagement.Domain.dll". Beginning retry 10 in 1000ms. The process cannot access the file 'c:\Users\phucl\OneDrive\Desktop\QLCV\QuanLyCongViec\Backend\src\TaskManagement.API\bin\Debug\net10.0\TaskManagement.Domain.dll' because it is being used by another process. The file is locked by: "TaskManagement.API (13968)" [c:\Users\phucl\OneDrive\Desktop\QLCV\QuanLyCongViec\Backend\src\TaskManagement.API\TaskManagement.API.csproj]
C:\Program Files\dotnet\sdk\10.0.101\Microsoft.Common.CurrentVersion.targets(5080,5): warning MSB3026: Could not copy "c:\Users\phucl\OneDrive\Desktop\QLCV\QuanLyCongViec\Backend\src\TaskManagement.Infrastructure\bin\Debug\net10.0\TaskManagement.Infrastructure.dll" to "bin\Debug\net10.0\TaskManagement.Infrastructure.dll". Beginning retry 10 in 1000ms. The process cannot access the file 'c:\Users\phucl\OneDrive\Desktop\QLCV\QuanLyCongViec\Backend\src\TaskManagement.API\bin\Debug\net10.0\TaskManagement.Infrastructure.dll' because it is being used by another process. The file is locked by: "TaskManagement.API (13968)" [c:\Users\phucl\OneDrive\Desktop\QLCV\QuanLyCongViec\Backend\src\TaskManagement.API\TaskManagement.API.csproj]
C:\Program Files\dotnet\sdk\10.0.101\Microsoft.Common.CurrentVersion.targets(5080,5): error MSB3027: Could not copy "C:\Users\phucl\OneDrive\Desktop\QLCV\QuanLyCongViec\Backend\src\TaskManagement.Application\bin\Debug\net10.0\TaskManagement.Application.dll" to "bin\Debug\net10.0\TaskManagement.Application.dll". Exceeded retry count of 10. Failed. The file is locked by: "TaskManagement.API (13968)" [c:\Users\phucl\OneDrive\Desktop\QLCV\QuanLyCongViec\Backend\src\TaskManagement.API\TaskManagement.API.csproj]
C:\Program Files\dotnet\sdk\10.0.101\Microsoft.Common.CurrentVersion.targets(5080,5): error MSB3021: Unable to copy file "C:\Users\phucl\OneDrive\Desktop\QLCV\QuanLyCongViec\Backend\src\TaskManagement.Application\bin\Debug\net10.0\TaskManagement.Application.dll" to "bin\Debug\net10.0\TaskManagement.Application.dll". The process cannot access the file 'c:\Users\phucl\OneDrive\Desktop\QLCV\QuanLyCongViec\Backend\src\TaskManagement.API\bin\Debug\net10.0\TaskManagement.Application.dll' because it is being used by another process. [c:\Users\phucl\OneDrive\Desktop\QLCV\QuanLyCongViec\Backend\src\TaskManagement.API\TaskManagement.API.csproj]
C:\Program Files\dotnet\sdk\10.0.101\Microsoft.Common.CurrentVersion.targets(5080,5): error MSB3027: Could not copy "c:\Users\phucl\OneDrive\Desktop\QLCV\QuanLyCongViec\Backend\src\TaskManagement.Infrastructure\bin\Debug\net10.0\TaskManagement.Infrastructure.dll" to "bin\Debug\net10.0\TaskManagement.Infrastructure.dll". Exceeded retry count of 10. Failed. The file is locked by: "TaskManagement.API (13968)" [c:\Users\phucl\OneDrive\Desktop\QLCV\QuanLyCongViec\Backend\src\TaskManagement.API\TaskManagement.API.csproj]
C:\Program Files\dotnet\sdk\10.0.101\Microsoft.Common.CurrentVersion.targets(5080,5): error MSB3021: Unable to copy file "c:\Users\phucl\OneDrive\Desktop\QLCV\QuanLyCongViec\Backend\src\TaskManagement.Infrastructure\bin\Debug\net10.0\TaskManagement.Infrastructure.dll" to "bin\Debug\net10.0\TaskManagement.Infrastructure.dll". The process cannot access the file 'c:\Users\phucl\OneDrive\Desktop\QLCV\QuanLyCongViec\Backend\src\TaskManagement.API\bin\Debug\net10.0\TaskManagement.Infrastructure.dll' because it is being used by another process. [c:\Users\phucl\OneDrive\Desktop\QLCV\QuanLyCongViec\Backend\src\TaskManagement.API\TaskManagement.API.csproj]
C:\Program Files\dotnet\sdk\10.0.101\Microsoft.Common.CurrentVersion.targets(5080,5): error MSB3027: Could not copy "C:\Users\phucl\OneDrive\Desktop\QLCV\QuanLyCongViec\Backend\src\TaskManagement.Domain\bin\Debug\net10.0\TaskManagement.Domain.dll" to "bin\Debug\net10.0\TaskManagement.Domain.dll". Exceeded retry count of 10. Failed. The file is locked by: "TaskManagement.API (13968)" [c:\Users\phucl\OneDrive\Desktop\QLCV\QuanLyCongViec\Backend\src\TaskManagement.API\TaskManagement.API.csproj]
C:\Program Files\dotnet\sdk\10.0.101\Microsoft.Common.CurrentVersion.targets(5080,5): error MSB3021: Unable to copy file "C:\Users\phucl\OneDrive\Desktop\QLCV\QuanLyCongViec\Backend\src\TaskManagement.Domain\bin\Debug\net10.0\TaskManagement.Domain.dll" to "bin\Debug\net10.0\TaskManagement.Domain.dll". The process cannot access the file 'c:\Users\phucl\OneDrive\Desktop\QLCV\QuanLyCongViec\Backend\src\TaskManagement.API\bin\Debug\net10.0\TaskManagement.Domain.dll' because it is being used by another process. [c:\Users\phucl\OneDrive\Desktop\QLCV\QuanLyCongViec\Backend\src\TaskManagement.API\TaskManagement.API.csproj]
    33 Warning(s)
    6 Error(s)

Time Elapsed 00:00:16.62
